// Jest Snapshot v1, https://goo.gl/fbAQLP

exports[`ImageUploader Component should be properly rendered 1`] = `
<DocumentFragment>
  <label
    class="relative flex aspect-square cursor-pointer flex-col items-center justify-center overflow-hidden rounded-md p-5 ring-1 ring-primary-500 hover:ring-2 hover:ring-primary-900 sm:aspect-auto sm:w-1/3"
    for="id"
  >
    <div
      class="flex flex-col items-center justify-center gap-2"
      data-testid="img-uploader-icon-and-image-types"
    >
      <svg
        aria-hidden="true"
        class="h-10 w-10"
        fill="none"
        stroke="currentColor"
        stroke-width="1.5"
        viewBox="0 0 24 24"
        xmlns="http://www.w3.org/2000/svg"
      >
        <path
          d="M19.5 14.25v-2.625a3.375 3.375 0 00-3.375-3.375h-1.5A1.125 1.125 0 0113.5 7.125v-1.5a3.375 3.375 0 00-3.375-3.375H8.25m3.75 9v6m3-3H9m1.5-12H5.625c-.621 0-1.125.504-1.125 1.125v17.25c0 .621.504 1.125 1.125 1.125h12.75c.621 0 1.125-.504 1.125-1.125V11.25a9 9 0 00-9-9z"
          stroke-linecap="round"
          stroke-linejoin="round"
        />
      </svg>
      <p
        class="text-center text-xs"
      >
        PNG, JPG, JPEG
        <br />
      </p>
    </div>
    <input
      accept="image/png, image/jpeg, image/jpg"
      class="hidden"
      data-testid="img-uploader-input"
      id="id"
      type="file"
    />
  </label>
</DocumentFragment>
`;
